{
  "Child": {
    "Argv": [
      "--model",
      "anthropic/claude-opus-5",
      "--thinking",
      "high",
      "--append-system-prompt",
      "<ROOT>/managed/prompt.md",
      "",
      "--model=native",
      "a\nb"
    ],
    "Env": [
      "CLAUDECODE=nested",
      "CODEX_THREAD_ID=nested",
      "FIGMA_API_KEY=source-secret",
      "HOME=<ROOT>",
      "PARENT=direct-only",
      "PATH=<ROOT>",
      "PI_CODING_AGENT_DIR=<ROOT>/managed"
    ],
    "Stdin": "cGFyZW50IHN0ZGluCgD/",
    "WorkDir": "<ROOT>"
  },
  "Stderr": "curator warning\n\u0000\ufffdcurator-run: provider: path=<ROOT>/curator-run\ncurator-run: defaults: model=claude-opus-5 (flag) effort=high (flag)\ncurator-run: permissions=native source=default-headless mapped=none\ncurator-run: warning: profile \"default\": applied flag/append system-prompt channel \"--append-system-prompt\". A custom system prefix can change request caching and billing: the default may use shared prompt caching; a custom prefix forms its own cache prefix.\nhelper stderr\n"
}
